#-----------------------------------------------------------
# Vivado v2020.1 (64-bit)
# SW Build 2902540 on Wed May 27 19:54:49 MDT 2020
# IP Build 2902112 on Wed May 27 22:43:36 MDT 2020
# Start of session at: Sat Dec 17 16:26:40 2022
# Process ID: 13144
# Current directory: C:/Users/douwe/Documents/Vivado Projects/VGAHexEditorGit
# Command line: vivado.exe -gui_launcher_event rodinguilauncherevent23948 C:\Users\douwe\Documents\Vivado Projects\VGAHexEditorGit\VGAHexEditorGit.xpr
# Log file: C:/Users/douwe/Documents/Vivado Projects/VGAHexEditorGit/vivado.log
# Journal file: C:/Users/douwe/Documents/Vivado Projects/VGAHexEditorGit\vivado.jou
#-----------------------------------------------------------
start_gui
open_project {C:/Users/douwe/Documents/Vivado Projects/VGAHexEditorGit/VGAHexEditorGit.xpr}
update_compile_order -fileset sources_1
file copy -force {C:/Users/douwe/Documents/Vivado Projects/VGAHexEditorGit/VGAHexEditorGit.runs/impl_1/design_1_wrapper.bit} {C:/Users/douwe/Documents/Vivado Projects/VGAHexEditorGit/iets.bit}
